Error: Cannot find module 'verbose'
Require stack:
- /Users/maimaitituerxunwuerlika/agentic_cli_example/node_modules/playwright/lib/cli/testActions.js
- /Users/maimaitituerxunwuerlika/agentic_cli_example/node_modules/playwright/lib/program.js
- /Users/maimaitituerxunwuerlika/agentic_cli_example/node_modules/@playwright/test/cli.js
    at Module._resolveFilename (node:internal/modules/cjs/loader:1564:15)
    at wrapResolveFilename (node:internal/modules/cjs/loader:1118:27)
    at resolveForCJSWithHooks (node:internal/modules/cjs/loader:1169:12)
    at require.resolve (node:internal/modules/helpers:175:31)
    at resolveReporter (/Users/maimaitituerxunwuerlika/agentic_cli_example/node_modules/playwright/lib/cli/testActions.js:207:18)
    at /Users/maimaitituerxunwuerlika/agentic_cli_example/node_modules/playwright/lib/cli/testActions.js:168:42
    at Array.map (<anonymous>)
    at resolveReporterOption (/Users/maimaitituerxunwuerlika/agentic_cli_example/node_modules/playwright/lib/cli/testActions.js:168:30)
    at overridesFromOptions (/Users/maimaitituerxunwuerlika/agentic_cli_example/node_modules/playwright/lib/cli/testActions.js:130:15)
    at runTests (/Users/maimaitituerxunwuerlika/agentic_cli_example/node_modules/playwright/lib/cli/testActions.js:44:24) {
  code: 'MODULE_NOT_FOUND',
  requireStack: [
    '/Users/maimaitituerxunwuerlika/agentic_cli_example/node_modules/playwright/lib/cli/testActions.js',
    '/Users/maimaitituerxunwuerlika/agentic_cli_example/node_modules/playwright/lib/program.js',
    '/Users/maimaitituerxunwuerlika/agentic_cli_example/node_modules/@playwright/test/cli.js'
  ]
}
